// Jest Snapshot v1, https://goo.gl/fbAQLP

exports[`castCommasInParensToPipesForTokenSafety should cast correctly for this example 1`] = `
"  \`id\` bigint(20) NOT NULL AUTO_INCREMENT,
  \`suggestion_id\` bigint(20) NOT NULL,
  \`effective_at\` datetime(6) NOT NULL DEFAULT CURRENT_TIMESTAMP(6),
  \`created_at\` datetime(6) NOT NULL DEFAULT CURRENT_TIMESTAMP(6),
  \`status\` enum('PENDING'|'REVIEWED') COLLATE utf8mb4_bin NOT NULL,
  PRIMARY KEY (\`id\`),
  UNIQUE KEY \`suggestion_version_ux1\` (\`suggestion_id\`|\`effective_at\`|\`created_at\`),
  KEY \`suggestion_version_fk0\` (\`suggestion_id\`),
  CONSTRAINT \`suggestion_version_fk0\` FOREIGN KEY (\`suggestion_id\`) REFERENCES \`suggestion\` (\`id\`)
"
`;

exports[`castCommasInParensToPipesForTokenSafety should cast correctly for this example with nested parens 1`] = `
"  id bigserial NOT NULL,
  uuid uuid NOT NULL,
  created_at timestamp with time zone NOT NULL DEFAULT now(),
  status varchar NOT NULL,
  CONSTRAINT job_pk PRIMARY KEY (id),
  CONSTRAINT job_ux1 UNIQUE (uuid),
  CONSTRAINT job_status_check CHECK (status IN ('QUEUED'| 'ATTEMPTED'| 'FULFILLED'| 'FAILED'| 'CANCELED'))
"
`;
