// Jest Snapshot v1, https://goo.gl/fbAQLP

exports[`extractTableReferencesFromQuerySql should be able to determine types accurately for an example joining to multiple tables 1`] = `
Array [
  TypeDefinitionOfQueryTableReference {
    "alias": "u",
    "tableName": "user",
  },
  TypeDefinitionOfQueryTableReference {
    "alias": "p",
    "tableName": "phone",
  },
  TypeDefinitionOfQueryTableReference {
    "alias": "up",
    "tableName": "view_user_profile_current",
  },
]
`;

exports[`extractTableReferencesFromQuerySql should be able to determine types accurately for an example with subqueries referencing their own tables 1`] = `
Array [
  TypeDefinitionOfQueryTableReference {
    "alias": "p",
    "tableName": "provider",
  },
  TypeDefinitionOfQueryTableReference {
    "alias": "w",
    "tableName": "work",
  },
]
`;

exports[`extractTableReferencesFromQuerySql should be able to determine types accurately for this example 1`] = `
Array [
  TypeDefinitionOfQueryTableReference {
    "alias": "i",
    "tableName": "image",
  },
]
`;

exports[`extractTableReferencesFromQuerySql should be able to determine types accurately for this other example 1`] = `
Array [
  TypeDefinitionOfQueryTableReference {
    "alias": "s",
    "tableName": "suggestion",
  },
  TypeDefinitionOfQueryTableReference {
    "alias": "cvp",
    "tableName": "suggestion_cvp",
  },
  TypeDefinitionOfQueryTableReference {
    "alias": "v",
    "tableName": "suggestion_version",
  },
]
`;
