// Jest Snapshot v1, https://goo.gl/fbAQLP

exports[`defineTypescriptTypesForFunction should generate accurate looking types for this function definition 1`] = `
"export interface SqlFunctionUpsertImageInput {
  0: string | null;
  1: string | null;
  2: string | null;
  3: string | null;
}
export interface SqlFunctionUpsertImageInputByName {
  in_url: SqlFunctionUpsertImageInput['0'];
  in_caption: SqlFunctionUpsertImageInput['1'];
  in_credit: SqlFunctionUpsertImageInput['2'];
  in_alt_text: SqlFunctionUpsertImageInput['3'];
}
export type SqlFunctionUpsertImageOutput = number;"
`;

exports[`defineTypescriptTypesForFunction should generate accurate looking types for this other function definition 1`] = `
"export interface SqlFunctionUpsertSuggestionInput {
  0: string | null;
  1: string | null;
  2: number | null;
  3: string | null;
  4: string | null;
  5: number | null;
}
export interface SqlFunctionUpsertSuggestionInputByName {
  in_suggestion_source: SqlFunctionUpsertSuggestionInput['0'];
  in_external_id: SqlFunctionUpsertSuggestionInput['1'];
  in_suggested_idea_id: SqlFunctionUpsertSuggestionInput['2'];
  in_status: SqlFunctionUpsertSuggestionInput['3'];
  in_result: SqlFunctionUpsertSuggestionInput['4'];
  in_resultant_curated_idea_id: SqlFunctionUpsertSuggestionInput['5'];
}
export type SqlFunctionUpsertSuggestionOutput = number;"
`;

exports[`defineTypescriptTypesForFunction should generate accurate looking types for this other function definition, with array inputs 1`] = `
"export interface SqlFunctionUpsertJobInput {
  0: string | null;
  1: string | null;
  2: string | null;
  3: string | null;
  4: number | null;
  5: number[] | null;
}
export interface SqlFunctionUpsertJobInputByName {
  in_uuid: SqlFunctionUpsertJobInput['0'];
  in_title: SqlFunctionUpsertJobInput['1'];
  in_status: SqlFunctionUpsertJobInput['2'];
  in_description: SqlFunctionUpsertJobInput['3'];
  in_location_id: SqlFunctionUpsertJobInput['4'];
  in_photo_ids: SqlFunctionUpsertJobInput['5'];
}
export type SqlFunctionUpsertJobOutput = number;"
`;

exports[`defineTypescriptTypesForFunction should generate accurate looking types for this other other function definition 1`] = `
"export interface SqlFunctionHashStringInput {
  0: string | null;
  1: string | null;
  2: number | null;
}
export interface SqlFunctionHashStringInputByName {
  in_array: SqlFunctionHashStringInput['0'];
  in_delimiter: SqlFunctionHashStringInput['1'];
  in_index: SqlFunctionHashStringInput['2'];
}
export type SqlFunctionHashStringOutput = string;"
`;

exports[`defineTypescriptTypesForFunction should generate accurate looking types for this other other other function definition 1`] = `
"export interface SqlFunctionUpsertPhotoInput {
  0: string | null;
  1: string | null;
}
export interface SqlFunctionUpsertPhotoInputByName {
  in_url: SqlFunctionUpsertPhotoInput['0'];
  in_description: SqlFunctionUpsertPhotoInput['1'];
}
export type SqlFunctionUpsertPhotoOutput = number;"
`;
